// Jest Snapshot v1, https://goo.gl/fbAQLP

exports[`Example Component should render correctly 1`] = `
<div
  className="MuiGrid-root MuiGrid-container MuiGrid-spacing-xs-3 MuiGrid-item MuiGrid-grid-xs-12"
>
  <div
    className="MuiGrid-root MuiGrid-item MuiGrid-grid-xs-12"
  >
    <p
      className="MuiTypography-root ExampleText MuiTypography-body1 MuiTypography-colorPrimary"
      data-testid="EXAMPLE_PAGE_EXAMPLE_COUNTER"
    >
      0
    </p>
  </div>
  <div
    className="MuiGrid-root MuiGrid-item MuiGrid-grid-xs-12 MuiGrid-grid-sm-true"
  >
    <button
      className="MuiButtonBase-root MuiButton-root MuiButton-outlined MuiButton-outlinedPrimary MuiButton-fullWidth"
      data-testid="EXAMPLE_PAGE_EXAMPLE_MINUS"
      disabled={false}
      onBlur={[Function]}
      onClick={[MockFunction]}
      onDragLeave={[Function]}
      onFocus={[Function]}
      onKeyDown={[Function]}
      onKeyUp={[Function]}
      onMouseDown={[Function]}
      onMouseLeave={[Function]}
      onMouseUp={[Function]}
      onTouchEnd={[Function]}
      onTouchMove={[Function]}
      onTouchStart={[Function]}
      tabIndex={0}
      type="button"
    >
      <span
        className="MuiButton-label"
      >
        <p
          className="MuiTypography-root ExampleText MuiTypography-body1"
        >
          -
        </p>
      </span>
    </button>
  </div>
  <div
    className="MuiGrid-root MuiGrid-item MuiGrid-grid-xs-12 MuiGrid-grid-sm-true"
  >
    <button
      className="MuiButtonBase-root MuiButton-root MuiButton-outlined MuiButton-outlinedPrimary MuiButton-fullWidth"
      data-testid="EXAMPLE_PAGE_EXAMPLE_PLUS"
      disabled={false}
      onBlur={[Function]}
      onClick={[MockFunction]}
      onDragLeave={[Function]}
      onFocus={[Function]}
      onKeyDown={[Function]}
      onKeyUp={[Function]}
      onMouseDown={[Function]}
      onMouseLeave={[Function]}
      onMouseUp={[Function]}
      onTouchEnd={[Function]}
      onTouchMove={[Function]}
      onTouchStart={[Function]}
      tabIndex={0}
      type="button"
    >
      <span
        className="MuiButton-label"
      >
        <p
          className="MuiTypography-root ExampleText MuiTypography-body1"
        >
          +
        </p>
      </span>
    </button>
  </div>
</div>
`;
